[    0.000000] Linux version 4.15.0-192-generic (buildd@lcy02-amd64-029) (gcc version 7.5.0 (Ubuntu 7.5.0-3ubuntu1~18.04)) #203-Ubuntu SMP Wed Aug 10 17:40:03 UTC 2022 (Ubuntu 4.15.0-192.203-generic 4.15.18)
[    0.000000] Command line: BOOT_IMAGE=/boot/vmlinuz-4.15.0-192-generic root=LABEL=cloudimg-rootfs ro console=tty1 console=ttyS0
[    0.000000] KERNEL supported cpus:
[    0.000000]   Intel GenuineIntel
[    0.000000]   AMD AuthenticAMD
[    0.000000]   Centaur CentaurHauls
[    0.000000] x86/fpu: Supporting XSAVE feature 0x001: 'x87 floating point registers'
[    0.000000] x86/fpu: Supporting XSAVE feature 0x002: 'SSE registers'
[    0.000000] x86/fpu: Supporting XSAVE feature 0x004: 'AVX registers'
[    0.000000] x86/fpu: xstate_offset[2]:  576, xstate_sizes[2]:  256
[    0.000000] x86/fpu: Enabled xstate features 0x7, context size is 832 bytes, using 'standard' format.
[    0.000000] e820: BIOS-provided physical RAM map:
[    0.000000] BIOS-e820: [mem 0x0000000000000000-0x000000000009fbff] usable
[    0.000000] BIOS-e820: [mem 0x000000000009fc00-0x000000000009ffff] reserved
[    0.000000] BIOS-e820: [mem 0x00000000000f0000-0x00000000000fffff] reserved
[    0.000000] BIOS-e820: [mem 0x0000000000100000-0x00000000dffeffff] usable
[    0.000000] BIOS-e820: [mem 0x00000000dfff0000-0x00000000dfffffff] ACPI data
[    0.000000] BIOS-e820: [mem 0x00000000fec00000-0x00000000fec00fff] reserved
[    0.000000] BIOS-e820: [mem 0x00000000fee00000-0x00000000fee00fff] reserved
[    0.000000] BIOS-e820: [mem 0x00000000fffc0000-0x00000000ffffffff] reserved
[    0.000000] BIOS-e820: [mem 0x0000000100000000-0x000000011fffffff] usable
[    0.000000] NX (Execute Disable) protection: active
[    0.000000] SMBIOS 2.5 present.
[    0.000000] DMI: innotek GmbH VirtualBox/VirtualBox, BIOS VirtualBox 12/01/2006
[    0.000000] Hypervisor detected: KVM
[    0.000000] e820: last_pfn = 0x120000 max_arch_pfn = 0x400000000
[    0.000000] MTRR: Disabled
[    0.000000] x86/PAT: MTRRs disabled, skipping PAT initialization too.
[    0.000000] CPU MTRRs all blank - virtualized system.
[    0.000000] x86/PAT: Configuration [0-7]: WB  WT  UC- UC  WB  WT  UC- UC  
[    0.000000] e820: last_pfn = 0xdfff0 max_arch_pfn = 0x400000000
[    0.000000] found SMP MP-table at [mem 0x0009fff0-0x0009ffff]
[    0.000000] Scanning 1 areas for low memory corruption
[    0.000000] RAMDISK: [mem 0x359cb000-0x36cdcfff]
[    0.000000] ACPI: Early table checksum verification disabled
[    0.000000] ACPI: RSDP 0x00000000000E0000 000024 (v02 VBOX  )
[    0.000000] ACPI: XSDT 0x00000000DFFF0030 00003C (v01 VBOX   VBOXXSDT 00000001 ASL  00000061)
[    0.000000] ACPI: FACP 0x00000000DFFF00F0 0000F4 (v04 VBOX   VBOXFACP 00000001 ASL  00000061)
[    0.000000] ACPI: DSDT 0x00000000DFFF0480 002327 (v02 VBOX   VBOXBIOS 00000002 INTL 20220331)
[    0.000000] ACPI: FACS 0x00000000DFFF0200 000040
[    0.000000] ACPI: FACS 0x00000000DFFF0200 000040
[    0.000000] ACPI: APIC 0x00000000DFFF0240 00006C (v02 VBOX   VBOXAPIC 00000001 ASL  00000061)
[    0.000000] ACPI: SSDT 0x00000000DFFF02B0 0001CC (v01 VBOX   VBOXCPUT 00000002 INTL 20220331)
[    0.000000] ACPI: Reserving FACP table memory at [mem 0xdfff00f0-0xdfff01e3]
[    0.000000] ACPI: Reserving DSDT table memory at [mem 0xdfff0480-0xdfff27a6]
[    0.000000] ACPI: Reserving FACS table memory at [mem 0xdfff0200-0xdfff023f]
[    0.000000] ACPI: Reserving FACS table memory at [mem 0xdfff0200-0xdfff023f]
[    0.000000] ACPI: Reserving APIC table memory at [mem 0xdfff0240-0xdfff02ab]
[    0.000000] ACPI: Reserving SSDT table memory at [mem 0xdfff02b0-0xdfff047b]
[    0.000000] No NUMA configuration found
[    0.000000] Faking a node at [mem 0x0000000000000000-0x000000011fffffff]
[    0.000000] NODE_DATA(0) allocated [mem 0x11ffd1000-0x11fffbfff]
[    0.000000] kvm-clock: cpu 0, msr 1:1ff50001, primary cpu clock
[    0.000000] kvm-clock: Using msrs 4b564d01 and 4b564d00
[    0.000000] kvm-clock: using sched offset of 3394908567 cycles
[    0.000000] clocksource: kvm-clock: mask: 0xffffffffffffffff max_cycles: 0x1cd42e4dffb, max_idle_ns: 881590591483 ns
[    0.000000] Zone ranges:
[    0.000000]   DMA      [mem 0x0000000000001000-0x0000000000ffffff]
[    0.000000]   DMA32    [mem 0x0000000001000000-0x00000000ffffffff]
[    0.000000]   Normal   [mem 0x0000000100000000-0x000000011fffffff]
[    0.000000]   Device   empty
[    0.000000] Movable zone start for each node
[    0.000000] Early memory node ranges
[    0.000000]   node   0: [mem 0x0000000000001000-0x000000000009efff]
[    0.000000]   node   0: [mem 0x0000000000100000-0x00000000dffeffff]
[    0.000000]   node   0: [mem 0x0000000100000000-0x000000011fffffff]
[    0.000000] Reserved but unavailable: 104 pages
[    0.000000] Initmem setup node 0 [mem 0x0000000000001000-0x000000011fffffff]
[    0.000000] ACPI: PM-Timer IO Port: 0x4008
[    0.000000] IOAPIC[0]: apic_id 4, version 32, address 0xfec00000, GSI 0-23
[    0.000000] ACPI: INT_SRC_OVR (bus 0 bus_irq 0 global_irq 2 dfl dfl)
[    0.000000] ACPI: INT_SRC_OVR (bus 0 bus_irq 9 global_irq 9 low level)
[    0.000000] Using ACPI (MADT) for SMP configuration information
[    0.000000] smpboot: Allowing 4 CPUs, 0 hotplug CPUs
[    0.000000] PM: Registered nosave memory: [mem 0x00000000-0x00000fff]
[    0.000000] PM: Registered nosave memory: [mem 0x0009f000-0x0009ffff]
[    0.000000] PM: Registered nosave memory: [mem 0x000a0000-0x000effff]
[    0.000000] PM: Registered nosave memory: [mem 0x000f0000-0x000fffff]
[    0.000000] PM: Registered nosave memory: [mem 0xdfff0000-0xdfffffff]
[    0.000000] PM: Registered nosave memory: [mem 0xe0000000-0xfebfffff]
[    0.000000] PM: Registered nosave memory: [mem 0xfec00000-0xfec00fff]
[    0.000000] PM: Registered nosave memory: [mem 0xfec01000-0xfedfffff]
[    0.000000] PM: Registered nosave memory: [mem 0xfee00000-0xfee00fff]
[    0.000000] PM: Registered nosave memory: [mem 0xfee01000-0xfffbffff]
[    0.000000] PM: Registered nosave memory: [mem 0xfffc0000-0xffffffff]
[    0.000000] e820: [mem 0xe0000000-0xfebfffff] available for PCI devices
[    0.000000] Booting paravirtualized kernel on KVM
[    0.000000] clocksource: refined-jiffies: mask: 0xffffffff max_cycles: 0xffffffff, max_idle_ns: 7645519600211568 ns
[    0.000000] random: get_random_bytes called from start_kernel+0x99/0x500 with crng_init=0
[    0.000000] setup_percpu: NR_CPUS:8192 nr_cpumask_bits:4 nr_cpu_ids:4 nr_node_ids:1
[    0.000000] percpu: Embedded 50 pages/cpu s167936 r8192 d28672 u524288
[    0.000000] PV qspinlock hash table entries: 256 (order: 0, 4096 bytes)
[    0.000000] Built 1 zonelists, mobility grouping on.  Total pages: 1032057
[    0.000000] Policy zone: Normal
[    0.000000] Kernel command line: BOOT_IMAGE=/boot/vmlinuz-4.15.0-192-generic root=LABEL=cloudimg-rootfs ro console=tty1 console=ttyS0
[    0.000000] Memory: 4012856K/4193848K available (12300K kernel code, 2484K rwdata, 4324K rodata, 2468K init, 2724K bss, 180992K reserved, 0K cma-reserved)
[    0.000000] SLUB: HWalign=64, Order=0-3, MinObjects=0, CPUs=4, Nodes=1
[    0.000000] Kernel/User page tables isolation: enabled
[    0.000000] ftrace: allocating 39482 entries in 155 pages
[    0.004000] Hierarchical RCU implementation.
[    0.004000] 	RCU restricting CPUs from NR_CPUS=8192 to nr_cpu_ids=4.
[    0.004000] 	Tasks RCU enabled.
[    0.004000] RCU: Adjusting geometry for rcu_fanout_leaf=16, nr_cpu_ids=4
[    0.004000] NR_IRQS: 524544, nr_irqs: 456, preallocated irqs: 16
[    0.004000] Console: colour VGA+ 80x25
[    0.004000] console [tty1] enabled
[    0.004000] console [ttyS0] enabled
[    0.004000] ACPI: Core revision 20170831
[    0.004000] ACPI: 2 ACPI AML tables successfully acquired and loaded
[    0.004000] APIC: Switch to symmetric I/O mode setup
[    0.004000] x2apic enabled
[    0.004000] Switched APIC routing to physical x2apic.
[    0.004000] ..TIMER: vector=0x30 apic1=0 pin1=2 apic2=-1 pin2=-1
[    0.004006] tsc: Detected 1497.599 MHz processor
[    0.005022] Calibrating delay loop (skipped) preset value.. 2995.19 BogoMIPS (lpj=5990396)
[    0.008003] pid_max: default: 32768 minimum: 301
[    0.009048] Security Framework initialized
[    0.009962] Yama: becoming mindful.
[    0.010809] AppArmor: AppArmor initialized
[    0.014435] Dentry cache hash table entries: 524288 (order: 10, 4194304 bytes)
[    0.017129] Inode-cache hash table entries: 262144 (order: 9, 2097152 bytes)
[    0.018826] Mount-cache hash table entries: 8192 (order: 4, 65536 bytes)
[    0.020016] Mountpoint-cache hash table entries: 8192 (order: 4, 65536 bytes)
[    0.022032] Last level iTLB entries: 4KB 0, 2MB 0, 4MB 0
[    0.024003] Last level dTLB entries: 4KB 0, 2MB 0, 4MB 0, 1GB 0
[    0.025288] Spectre V1 : Mitigation: usercopy/swapgs barriers and __user pointer sanitization
[    0.027101] Spectre V2 : Mitigation: Retpolines
[    0.028003] Spectre V2 : Spectre v2 / SpectreRSB mitigation: Filling RSB on context switch
[    0.029889] Speculative Store Bypass: Vulnerable
[    0.031218] MDS: Mitigation: Clear CPU buffers
[    0.032003] MMIO Stale Data: Mitigation: Clear CPU buffers
[    0.033319] SRBDS: Unknown: Dependent on hypervisor status
[    0.034826] Freeing SMP alternatives memory: 36K
[    0.147051] smpboot: CPU0: Intel(R) Core(TM) i5-1035G7 CPU @ 1.20GHz (family: 0x6, model: 0x7e, stepping: 0x5)
[    0.148000] Performance Events: unsupported p6 CPU model 126 no PMU driver, software events only.
[    0.148075] Hierarchical SRCU implementation.
[    0.150220] NMI watchdog: Perf event create on CPU 0 failed with -2
[    0.152003] NMI watchdog: Perf NMI watchdog permanently disabled
[    0.153471] smp: Bringing up secondary CPUs ...
[    0.156104] x86: Booting SMP configuration:
[    0.157130] .... node  #0, CPUs:      #1
[    0.004000] kvm-clock: cpu 1, msr 1:1ff50041, secondary cpu clock
[    0.162077]  #2
[    0.004000] kvm-clock: cpu 2, msr 1:1ff50081, secondary cpu clock
[    0.164117]  #3
[    0.004000] kvm-clock: cpu 3, msr 1:1ff500c1, secondary cpu clock
[    0.171556] smp: Brought up 1 node, 4 CPUs
[    0.172009] smpboot: Max logical packages: 1
[    0.172955] smpboot: Total of 4 processors activated (11980.79 BogoMIPS)
[    0.174683] devtmpfs: initialized
[    0.176062] x86/mm: Memory block size: 128MB
[    0.177385] evm: security.selinux
[    0.178098] evm: security.SMACK64
[    0.178884] evm: security.SMACK64EXEC
[    0.179794] evm: security.SMACK64TRANSMUTE
[    0.180004] evm: security.SMACK64MMAP
[    0.180887] evm: security.apparmor
[    0.181822] evm: security.ima
[    0.182710] evm: security.capability
[    0.184107] clocksource: jiffies: mask: 0xffffffff max_cycles: 0xffffffff, max_idle_ns: 7645041785100000 ns
[    0.186309] futex hash table entries: 1024 (order: 4, 65536 bytes)
[    0.188058] pinctrl core: initialized pinctrl subsystem
[    0.189485] RTC time: 14:46:02, date: 09/13/22
[    0.190757] NET: Registered protocol family 16
[    0.192081] audit: initializing netlink subsys (disabled)
[    0.193386] audit: type=2000 audit(1663080367.661:1): state=initialized audit_enabled=0 res=1
[    0.196007] cpuidle: using governor ladder
[    0.197020] cpuidle: using governor menu
[    0.198082] ACPI: bus type PCI registered
[    0.198989] acpiphp: ACPI Hot Plug PCI Controller Driver version: 0.5
[    0.200113] PCI: Using configuration type 1 for base access
[    0.201408] HugeTLB registered 2.00 MiB page size, pre-allocated 0 pages
[    0.204808] ACPI: Added _OSI(Module Device)
[    0.208008] ACPI: Added _OSI(Processor Device)
[    0.209057] ACPI: Added _OSI(3.0 _SCP Extensions)
[    0.210095] ACPI: Added _OSI(Processor Aggregator Device)
[    0.211249] ACPI: Added _OSI(Linux-Dell-Video)
[    0.212003] ACPI: Added _OSI(Linux-Lenovo-NV-HDMI-Audio)
[    0.213163] ACPI: Added _OSI(Linux-HPI-Hybrid-Graphics)
[    0.214647] ACPI: Executed 1 blocks of module-level executable AML code
[    0.220873] ACPI: Interpreter enabled
[    0.221835] ACPI: (supports S0 S5)
[    0.222659] ACPI: Using IOAPIC for interrupt routing
[    0.224033] PCI: Using host bridge windows from ACPI; if necessary, use "pci=nocrs" and report a bug
[    0.226967] ACPI: Enabled 2 GPEs in block 00 to 07
[    0.233395] ACPI: PCI Root Bridge [PCI0] (domain 0000 [bus 00-ff])
[    0.235136] acpi PNP0A03:00: _OSC: OS supports [ASPM ClockPM Segments MSI]
[    0.236567] acpi PNP0A03:00: _OSC: not requesting OS control; OS requires [ExtendedConfig ASPM ClockPM MSI]
[    0.238843] acpi PNP0A03:00: fail to add MMCONFIG information, can't access extended PCI configuration space under this bridge.
[    0.240407] PCI host bridge to bus 0000:00
[    0.241440] pci_bus 0000:00: root bus resource [io  0x0000-0x0cf7 window]
[    0.244003] pci_bus 0000:00: root bus resource [io  0x0d00-0xffff window]
[    0.248004] pci_bus 0000:00: root bus resource [mem 0x000a0000-0x000bffff window]
[    0.249662] pci_bus 0000:00: root bus resource [mem 0xe0000000-0xfdffffff window]
[    0.251394] pci_bus 0000:00: root bus resource [bus 00-ff]
[    0.253916] pci 0000:00:01.1: legacy IDE quirk: reg 0x10: [io  0x01f0-0x01f7]
[    0.256004] pci 0000:00:01.1: legacy IDE quirk: reg 0x14: [io  0x03f6]
[    0.257534] pci 0000:00:01.1: legacy IDE quirk: reg 0x18: [io  0x0170-0x0177]
[    0.260003] pci 0000:00:01.1: legacy IDE quirk: reg 0x1c: [io  0x0376]
[    0.317792] pci 0000:00:07.0: quirk: [io  0x4000-0x403f] claimed by PIIX4 ACPI
[    0.320031] pci 0000:00:07.0: quirk: [io  0x4100-0x410f] claimed by PIIX4 SMB
[    0.341928] ACPI: PCI Interrupt Link [LNKA] (IRQs 5 9 10 *11)
[    0.344370] ACPI: PCI Interrupt Link [LNKB] (IRQs 5 9 *10 11)
[    0.345898] ACPI: PCI Interrupt Link [LNKC] (IRQs 5 *9 10 11)
[    0.348124] ACPI: PCI Interrupt Link [LNKD] (IRQs 5 9 10 *11)
[    0.349927] SCSI subsystem initialized
[    0.350911] pci 0000:00:02.0: vgaarb: setting as boot VGA device
[    0.350911] pci 0000:00:02.0: vgaarb: VGA device added: decodes=io+mem,owns=io+mem,locks=none
[    0.352012] pci 0000:00:02.0: vgaarb: bridge control possible
[    0.353114] vgaarb: loaded
[    0.353751] ACPI: bus type USB registered
[    0.356023] usbcore: registered new interface driver usbfs
[    0.357070] usbcore: registered new interface driver hub
[    0.358350] usbcore: registered new device driver usb
[    0.359616] EDAC MC: Ver: 3.0.0
[    0.360256] PCI: Using ACPI for IRQ routing
[    0.361296] NetLabel: Initializing
[    0.362153] NetLabel:  domain hash size = 128
[    0.364000] NetLabel:  protocols = UNLABELED CIPSOv4 CALIPSO
[    0.364025] NetLabel:  unlabeled traffic allowed by default
[    0.368103] clocksource: Switched to clocksource kvm-clock
[    0.381534] VFS: Disk quotas dquot_6.6.0
[    0.382534] VFS: Dquot-cache hash table entries: 512 (order 0, 4096 bytes)
[    0.384107] AppArmor: AppArmor Filesystem Enabled
[    0.385460] pnp: PnP ACPI init
[    0.387316] pnp: PnP ACPI: found 3 devices
[    0.397482] clocksource: acpi_pm: mask: 0xffffff max_cycles: 0xffffff, max_idle_ns: 2085701024 ns
[    0.399689] NET: Registered protocol family 2
[    0.400874] IP idents hash table entries: 65536 (order: 7, 524288 bytes)
[    0.403058] TCP established hash table entries: 32768 (order: 6, 262144 bytes)
[    0.405875] TCP bind hash table entries: 32768 (order: 7, 524288 bytes)
[    0.407810] TCP: Hash tables configured (established 32768 bind 32768)
[    0.409293] UDP hash table entries: 2048 (order: 4, 65536 bytes)
[    0.410364] UDP-Lite hash table entries: 2048 (order: 4, 65536 bytes)
[    0.411606] NET: Registered protocol family 1
[    0.412481] pci 0000:00:00.0: Limiting direct PCI/PCI transfers
[    0.413575] pci 0000:00:01.0: Activating ISA DMA hang workarounds
[    0.414736] pci 0000:00:02.0: Video device with shadowed ROM at [mem 0x000c0000-0x000dffff]
[    0.417572] Unpacking initramfs...
[    0.702750] Freeing initrd memory: 19528K
[    0.703871] PCI-DMA: Using software bounce buffering for IO (SWIOTLB)
[    0.705123] software IO TLB: mapped [mem 0xdbff0000-0xdfff0000] (64MB)
[    0.706536] clocksource: tsc: mask: 0xffffffffffffffff max_cycles: 0x1596467b3e4, max_idle_ns: 440795260276 ns
[    0.708450] platform rtc_cmos: registered platform RTC device (no PNP device found)
[    0.709960] Scanning for low memory corruption every 60 seconds
[    0.712005] Initialise system trusted keyrings
[    0.712845] Key type blacklist registered
[    0.713757] workingset: timestamp_bits=36 max_order=20 bucket_order=0
[    0.715988] zbud: loaded
[    0.717260] squashfs: version 4.0 (2009/01/31) Phillip Lougher
[    0.718626] fuse init (API version 7.26)
[    0.721155] Key type asymmetric registered
[    0.721932] Asymmetric key parser 'x509' registered
[    0.723159] Block layer SCSI generic (bsg) driver version 0.4 loaded (major 246)
[    0.724748] io scheduler noop registered
[    0.725557] io scheduler deadline registered
[    0.726454] io scheduler cfq registered (default)
[    0.727910] ACPI: AC Adapter [AC] (off-line)
[    0.728931] input: Power Button as /devices/LNXSYSTM:00/LNXPWRBN:00/input/input0
[    0.730340] ACPI: Power Button [PWRF]
[    0.731138] input: Sleep Button as /devices/LNXSYSTM:00/LNXSLPBN:00/input/input1
[    0.732594] ACPI: Sleep Button [SLPF]
[    0.733874] Serial: 8250/16550 driver, 32 ports, IRQ sharing enabled
[    0.734965] ACPI: Battery Slot [BAT0] (battery present)
[    0.756970] 00:02: ttyS0 at I/O 0x3f8 (irq = 4, base_baud = 115200) is a 16550A
[    0.761586] Linux agpgart interface v0.103
[    0.764636] loop: module loaded
[    0.766211] scsi host0: ata_piix
[    0.767266] scsi host1: ata_piix
[    0.768141] ata1: PATA max UDMA/33 cmd 0x1f0 ctl 0x3f6 bmdma 0xd000 irq 14
[    0.769856] ata2: PATA max UDMA/33 cmd 0x170 ctl 0x376 bmdma 0xd008 irq 15
[    0.771436] tun: Universal TUN/TAP device driver, 1.6
[    0.772647] PPP generic driver version 2.4.2
[    0.773730] ehci_hcd: USB 2.0 'Enhanced' Host Controller (EHCI) Driver
[    0.775180] ehci-pci: EHCI PCI platform driver
[    0.776225] ehci-platform: EHCI generic platform driver
[    0.777441] ohci_hcd: USB 1.1 'Open' Host Controller (OHCI) Driver
[    0.778850] ohci-pci: OHCI PCI platform driver
[    0.779878] ohci-platform: OHCI generic platform driver
[    0.781119] uhci_hcd: USB Universal Host Controller Interface driver
[    0.782567] i8042: PNP: PS/2 Controller [PNP0303:PS2K,PNP0f03:PS2M] at 0x60,0x64 irq 1,12
[    0.785086] serio: i8042 KBD port at 0x60,0x64 irq 1
[    0.786268] serio: i8042 AUX port at 0x60,0x64 irq 12
[    0.787675] mousedev: PS/2 mouse device common for all mice
[    0.790994] input: AT Translated Set 2 keyboard as /devices/platform/i8042/serio0/input/input2
[    0.793810] rtc_cmos rtc_cmos: rtc core: registered rtc_cmos as rtc0
[    0.795245] rtc_cmos rtc_cmos: alarms up to one day, 114 bytes nvram
[    0.796629] i2c /dev entries driver
[    0.797438] device-mapper: uevent: version 1.0.3
[    0.798517] device-mapper: ioctl: 4.37.0-ioctl (2017-09-20) initialised: dm-devel@redhat.com
[    0.800457] ledtrig-cpu: registered to indicate activity on CPUs
[    0.802181] NET: Registered protocol family 10
[    0.808585] Segment Routing with IPv6
[    0.809527] NET: Registered protocol family 17
[    0.810807] Key type dns_resolver registered
[    0.813280] mce: Using 0 MCE banks
[    0.814133] RAS: Correctable Errors collector initialized.
[    0.815600] sched_clock: Marking stable (813250377, 0)->(1103176073, -289925696)
[    0.818079] registered taskstats version 1
[    0.818955] Loading compiled-in X.509 certificates
[    0.823581] Loaded X.509 cert 'Build time autogenerated kernel key: af04d57e94487e4500da7630f19b69a59e91d95a'
[    0.826810] Loaded X.509 cert 'Canonical Ltd. Live Patch Signing: 14df34d1a87cf37625abec039ef2bf521249b969'
[    0.830044] Loaded X.509 cert 'Canonical Ltd. Kernel Module Signing: 88f752e560a1e0737e31163a466ad7b70a850c19'
[    0.832549] blacklist: Loading compiled-in revocation X.509 certificates
[    0.834091] Loaded X.509 cert 'Canonical Ltd. Secure Boot Signing: 61482aa2830d0ab2ad5af10b7250da9033ddcef0'
[    0.836712] zswap: loaded using pool lzo/zbud
[    0.842374] Key type big_key registered
[    0.843412] Key type trusted registered
[    0.846403] Key type encrypted registered
[    0.847529] AppArmor: AppArmor sha1 policy hashing enabled
[    0.849201] ima: No TPM chip found, activating TPM-bypass! (rc=-19)
[    0.850770] ima: Allocated hash algorithm: sha1
[    0.851879] evm: HMAC attrs: 0x1
[    0.853054]   Magic number: 6:715:788
[    0.854139] rtc_cmos rtc_cmos: setting system clock to 2022-09-13 14:46:03 UTC (1663080363)
[    0.856408] BIOS EDD facility v0.16 2004-Jun-25, 0 devices found
[    0.857994] EDD information not available.
[    1.184203] Freeing unused kernel image memory: 2468K
[    1.305445] Write protecting the kernel read-only data: 20480k
[    1.308761] Freeing unused kernel image memory: 2008K
[    1.310572] Freeing unused kernel image memory: 1820K
[    1.319474] x86/mm: Checked W+X mappings: passed, no W+X pages found.
[    1.321219] x86/mm: Checking user space page tables
[    1.327858] x86/mm: Checked W+X mappings: passed, no W+X pages found.
Loading, please wait...
starting version 237
[    1.411168] e1000: Intel(R) PRO/1000 Network Driver - version 7.3.21-k8-NAPI
[    1.411199] Fusion MPT base driver 3.04.20
[    1.413062] e1000: Copyright (c) 1999-2006 Intel Corporation.
[    1.414334] Copyright (c) 1999-2008 LSI Corporation
[    1.424361] Fusion MPT SPI Host driver 3.04.20
[    1.433721] AVX2 version of gcm_enc/dec engaged.
[    1.435106] AES CTR mode by8 optimization enabled
[    1.652288] input: ImExPS/2 Generic Explorer Mouse as /devices/platform/i8042/serio1/input/input4
[    2.337292] e1000 0000:00:03.0 eth0: (PCI:33MHz:32-bit) 02:a0:66:c7:c8:08
[    2.338759] e1000 0000:00:03.0 eth0: Intel(R) PRO/1000 Network Connection
[    2.341455] mptbase: ioc0: Initiating bringup
[    2.342257] e1000 0000:00:03.0 enp0s3: renamed from eth0
[    4.162495] ioc0: LSI53C1030 A0: Capabilities={Initiator}
[    7.546938] scsi host2: ioc0: LSI53C1030 A0, FwRev=00000000h, Ports=1, MaxQ=256, IRQ=20
[    9.514934] scsi 2:0:0:0: Direct-Access     VBOX     HARDDISK         1.0  PQ: 0 ANSI: 5
[    9.701561] scsi target2:0:0: Beginning Domain Validation
[    9.705387] scsi target2:0:0: Domain Validation skipping write tests
[    9.707325] scsi target2:0:0: Ending Domain Validation
[    9.708946] scsi target2:0:0: asynchronous
[    9.712085] scsi 2:0:1:0: Direct-Access     VBOX     HARDDISK         1.0  PQ: 0 ANSI: 5
[   10.317391] scsi target2:0:1: Beginning Domain Validation
[   10.321561] random: fast init done
[   10.323494] scsi target2:0:1: Domain Validation skipping write tests
[   10.325943] scsi target2:0:1: Ending Domain Validation
[   10.328046] scsi target2:0:1: asynchronous
[   10.333121] random: systemd-udevd: uninitialized urandom read (16 bytes read)
[   10.333185] sd 2:0:0:0: Attached scsi generic sg0 type 0
[   10.334773] random: systemd-udevd: uninitialized urandom read (16 bytes read)
[   10.336142] sd 2:0:1:0: Attached scsi generic sg1 type 0
[   10.337372] sd 2:0:0:0: [sda] 83886080 512-byte logical blocks: (42.9 GB/40.0 GiB)
[   10.337387] random: systemd-udevd: uninitialized urandom read (16 bytes read)
[   10.337578] sd 2:0:1:0: [sdb] 20480 512-byte logical blocks: (10.5 MB/10.0 MiB)
[   10.337631] sd 2:0:1:0: [sdb] Write Protect is off
[   10.337736] sd 2:0:1:0: [sdb] Incomplete mode parameter data
[   10.337738] sd 2:0:1:0: [sdb] Assuming drive cache: write through
[   10.345465] sd 2:0:1:0: [sdb] Attached SCSI disk
[   10.347752] sd 2:0:0:0: [sda] Write Protect is off
[   10.348972] sd 2:0:0:0: [sda] Incomplete mode parameter data
[   10.350083] sd 2:0:0:0: [sda] Assuming drive cache: write through
[   10.352595]  sda: sda1
[   10.354058] sd 2:0:0:0: [sda] Attached SCSI disk
Begin: Loading essential drivers ... [   12.648174] raid6: sse2x1   gen() 11139 MB/s
[   12.696061] raid6: sse2x1   xor()  7083 MB/s
[   12.744109] raid6: sse2x2   gen() 14505 MB/s
[   12.792140] raid6: sse2x2   xor()  8771 MB/s
[   12.840162] raid6: sse2x4   gen() 13389 MB/s
[   12.888108] raid6: sse2x4   xor()  6145 MB/s
[   12.936057] raid6: avx2x1   gen() 17469 MB/s
[   12.984065] raid6: avx2x1   xor() 11954 MB/s
[   13.032041] raid6: avx2x2   gen() 22038 MB/s
[   13.080053] raid6: avx2x2   xor() 12026 MB/s
[   13.128156] raid6: avx2x4   gen() 25559 MB/s
[   13.176050] raid6: avx2x4   xor() 15546 MB/s
[   13.177069] raid6: using algorithm avx2x4 gen() 25559 MB/s
[   13.178311] raid6: .... xor() 15546 MB/s, rmw enabled
[   13.179426] raid6: using avx2x2 recovery algorithm
[   13.182007] xor: automatically using best checksumming function   avx       
[   13.184792] async_tx: api initialized (async)
done.
Begin: Running /scripts/init-premount ... done.
Begin: Mounting root file system ... Begin: Running /scripts/local-top ... done.
Begin: Running /scripts/local-premount ... [   13.240536] Btrfs loaded, crc32c=crc32c-intel
Scanning for Btrfs filesystems
done.
Warning: fsck not present, so skipping root file system
[   13.277103] EXT4-fs (sda1): mounted filesystem with ordered data mode. Opts: (null)
done.
Begin: Running /scripts/local-bottom ... done.
Begin: Running /scripts/init-bottom ... done.
[   13.443150] ip_tables: (C) 2000-2006 Netfilter Core Team
[   13.451262] systemd[1]: systemd 237 running in system mode. (+PAM +AUDIT +SELINUX +IMA +APPARMOR +SMACK +SYSVINIT +UTMP +LIBCRYPTSETUP +GCRYPT +GNUTLS +ACL +XZ +LZ4 +SECCOMP +BLKID +ELFUTILS +KMOD -IDN2 +IDN -PCRE2 default-hierarchy=hybrid)
[   13.456076] systemd[1]: Detected virtualization oracle.
[   13.458456] systemd[1]: Detected architecture x86-64.

Welcome to [1mUbuntu 18.04.6 LTS[0m!

[   13.467718] systemd[1]: Set hostname to <ubuntu>.
[   13.470892] systemd[1]: Initializing machine ID from random generator.
[   13.472433] systemd[1]: Installed transient /etc/machine-id file.
[   13.976846] systemd[1]: Reached target User and Group Name Lookups.
[[0;32m  OK  [0m] Reached target User and Group Name Lookups.
[   13.980254] systemd[1]: Reached target System Time Synchronized.
[[0;32m  OK  [0m] Reached target System Time Synchronized.
[   13.984939] systemd[1]: Created slice System Slice.
[[0;32m  OK  [0m] Created slice System Slice.
[   13.987024] systemd[1]: Listening on Network Service Netlink Socket.
[[0;32m  OK  [0m] Listening on Network Service Netlink Socket.
[[0;32m  OK  [0m] Listening on Journal Socket.
         Starting Load Kernel Modules...
[[0;32m  OK  [0m] Listening on /dev/initctl Compatibility Named Pipe.
[[0;32m  OK  [0m] Listening on fsck to fsckd communication Socket.
[[0;32m  OK  [0m] Listening on LVM2 metadata daemon socket.
         Starting Create list of required stâ€¦ce nodes for the current kernel...
         Starting Set the console keyboard layout...
[[0;32m  OK  [0m] Listening on Journal Audit Socket.
[[0;32m  OK  [0m] Listening on Journal Socket (/dev/log).
         Starting File System Check on Root Device...
         Mounting Kernel Debug File System...
         Mounting Huge Pages File System...
[   14.008710] Loading iSCSI transport class v2.0-870.
[[0;32m  OK  [0m] Listening on udev Kernel Socket.
         Mounting POSIX Message Queue File System...
[[0;32m  OK  [0m] Set up automount Arbitrary Executabâ€¦rmats File System Automount Point.
[[0;32m  OK  [0m] Listening on udev Control Socket.
[[0;32m  OK  [0m] Created slice User and Session Slice.
[[0;32m  OK  [0m] Reached target Slices.
[   14.019034] iscsi: registered transport (tcp)
[[0;32m  OK  [0m] Reached target Swap.
[[0;32m  OK  [0m] Started Forward Password Requests to Wall Directory Watch.
[[0;32m  OK  [0m] Listening on LVM2 poll daemon socket.
         Starting udev Coldplug all Devices...
[[0;32m  OK  [0m] Listening on Device-mapper event daemon FIFOs.
         Starting Monitoring of LVM2 mirrorsâ€¦ng dmeventd or progress polling...
         Starting Uncomplicated firewall...
[[0;32m  OK  [0m] Listening on Syslog Socket.
         Starting Journal Service...
[[0;32m  OK  [0m] Created slice system-serial\x2dgetty.slice.
[[0;32m  OK  [0m] Started Create list of required staâ€¦vice nodes for the current kernel.
[[0;32m  OK  [0m] Started File System Check Daemon to report status.
         Starting Create Static Device Nodes in /dev...
[[0;32m  OK  [0m] Mounted Kernel Debug File System.
[[0;32m  OK  [0m] Mounted Huge Pages File System.
[[0;32m  OK  [0m] Mounted POSIX Message Queue File System.
[[0;32m  OK  [0m] Started LVM2 metadata daemon.
[[0;32m  OK  [0m] Started Uncomplicated firewall.
[[0;32m  OK  [0m] Started udev Coldplug all Devices.
[   14.157861] iscsi: registered transport (iser)
[[0;32m  OK  [0m] Started Load Kernel Modules.
         Starting Apply Kernel Variables...
         Mounting FUSE Control File System...
         Mounting Kernel Configuration File System...
[[0;32m  OK  [0m] Mounted FUSE Control File System.
[[0;32m  OK  [0m] Mounted Kernel Configuration File System.
[[0;32m  OK  [0m] Started Journal Service.
[[0;32m  OK  [0m] Started File System Check on Root Device.
         Starting Remount Root and Kernel File Systems...
[[0;32m  OK  [0m] Started Create Static Device Nodes in /dev.
[[0;32m  OK  [0m] Started Apply Kernel Variables.
[[0;32m  OK  [0m] Started Remount Root and Kernel File Systems.
         Starting Load/Save Random Seed...
         Starting udev Kernel Device Manager...
         Starting Flush Journal to Persistent Storage...
[[0;32m  OK  [0m] Started Load/Save Random Seed.
[[0;32m  OK  [0m] Started Monitoring of LVM2 mirrors,â€¦sing dmeventd or progress polling.
[[0;32m  OK  [0m] Started udev Kernel Device Manager.
[[0;32m  OK  [0m] Started Flush Journal to Persistent Storage.
[[0;32m  OK  [0m] Found device /dev/ttyS0.
[[0;32m  OK  [0m] Listening on Load/Save RF Kill Switch Status /dev/rfkill Watch.
[[0;32m  OK  [0m] Started Set the console keyboard layout.
[[0;32m  OK  [0m] Started Dispatch Password Requests to Console Directory Watch.
[[0;32m  OK  [0m] Reached target Local Encrypted Volumes.
[[0;32m  OK  [0m] Reached target Local File Systems (Pre).
[[0;32m  OK  [0m] Reached target Local File Systems.
         Starting Set console font and keymap...
         Starting AppArmor initialization...
         Starting ebtables ruleset management...
         Starting Create Volatile Files and Directories...
         Starting Tell Plymouth To Write Out Runtime Data...
         Starting Commit a transient machine-id on disk...
[[0;32m  OK  [0m] Started Tell Plymouth To Write Out Runtime Data.
[[0;32m  OK  [0m] Started Create Volatile Files and Directories.
         Starting Update UTMP about System Boot/Shutdown...
[[0;32m  OK  [0m] Started Update UTMP about System Boot/Shutdown.
[[0;32m  OK  [0m] Started ebtables ruleset management.
[[0;32m  OK  [0m] Started Commit a transient machine-id on disk.
[[0;32m  OK  [0m] Started AppArmor initialization.
         Starting Load AppArmor profiles managed internally by snapd...
         Starting Initial cloud-init job (pre-networking)...
[[0;32m  OK  [0m] Started Load AppArmor profiles managed internally by snapd.
[[0;32m  OK  [0m] Started Set console font and keymap.
[   16.925734] cloud-init[742]: Cloud-init v. 22.2-0ubuntu1~18.04.3 running 'init-local' at Tue, 13 Sep 2022 14:46:19 +0000. Up 16.58 seconds.
[[0;32m  OK  [0m] Started Initial cloud-init job (pre-networking).
[[0;32m  OK  [0m] Reached target Network (Pre).
         Starting Network Service...
[[0;32m  OK  [0m] Started Network Service.
         Starting Network Name Resolution...
         Starting Wait for Network to be Configured...
[[0;32m  OK  [0m] Started Network Name Resolution.
[[0;32m  OK  [0m] Reached target Network.
[[0;32m  OK  [0m] Reached target Host and Network Name Lookups.
[[0;32m  OK  [0m] Started Wait for Network to be Configured.
         Starting Initial cloud-init job (metadata service crawler)...
[   19.907527] cloud-init[1050]: Cloud-init v. 22.2-0ubuntu1~18.04.3 running 'init' at Tue, 13 Sep 2022 14:46:22 +0000. Up 19.70 seconds.
[   19.909221] cloud-init[1050]: ci-info: ++++++++++++++++++++++++++++++++++++++Net device info++++++++++++++++++++++++++++++++++++++
[   19.910933] cloud-init[1050]: ci-info: +--------+------+----------------------------+---------------+--------+-------------------+
[   19.912895] cloud-init[1050]: ci-info: | Device |  Up  |          Address           |      Mask     | Scope  |     Hw-Address    |
[   19.915039] cloud-init[1050]: ci-info: +--------+------+----------------------------+---------------+--------+-------------------+
[   19.917228] cloud-init[1050]: ci-info: | enp0s3 | True |         10.0.2.15          | 255.255.255.0 | global | 02:a0:66:c7:c8:08 |
[   19.919464] cloud-init[1050]: ci-info: | enp0s3 | True | fe80::a0:66ff:fec7:c808/64 |       .       |  link  | 02:a0:66:c7:c8:08 |
[   19.921301] cloud-init[1050]: ci-info: |   lo   | True |         127.0.0.1          |   255.0.0.0   |  host  |         .         |
[   19.932275] cloud-init[1050]: ci-info: |   lo   | True |          ::1/128           |       .       |  host  |         .         |
[   19.934296] cloud-init[1050]: ci-info: +--------+------+----------------------------+---------------+--------+-------------------+
[   19.936199] cloud-init[1050]: ci-info: ++++++++++++++++++++++++++++Route IPv4 info+++++++++++++++++++++++++++++
[   19.937822] cloud-init[1050]: ci-info: +-------+-------------+----------+-----------------+-----------+-------+
[   19.939309] cloud-init[1050]: ci-info: | Route | Destination | Gateway  |     Genmask     | Interface | Flags |
[   19.940994] cloud-init[1050]: ci-info: +-------+-------------+----------+-----------------+-----------+-------+
[   19.942427] cloud-init[1050]: ci-info: |   0   |   0.0.0.0   | 10.0.2.2 |     0.0.0.0     |   enp0s3  |   UG  |
[   19.943949] cloud-init[1050]: ci-info: |   1   |   10.0.2.0  | 0.0.0.0  |  255.255.255.0  |   enp0s3  |   U   |
[   19.945481] cloud-init[1050]: ci-info: |   2   |   10.0.2.2  | 0.0.0.0  | 255.255.255.255 |   enp0s3  |   UH  |
[   19.947154] cloud-init[1050]: ci-info: +-------+-------------+----------+-----------------+-----------+-------+
[   19.948787] cloud-init[1050]: ci-info: +++++++++++++++++++Route IPv6 info+++++++++++++++++++
[   19.950363] cloud-init[1050]: ci-info: +-------+-------------+---------+-----------+-------+
[   19.951868] cloud-init[1050]: ci-info: | Route | Destination | Gateway | Interface | Flags |
[   19.953259] cloud-init[1050]: ci-info: +-------+-------------+---------+-----------+-------+
[   19.954639] cloud-init[1050]: ci-info: |   1   |  fe80::/64  |    ::   |   enp0s3  |   U   |
[   19.955894] cloud-init[1050]: ci-info: |   3   |    local    |    ::   |   enp0s3  |   U   |
[   19.957258] cloud-init[1050]: ci-info: |   4   |   ff00::/8  |    ::   |   enp0s3  |   U   |
[   19.958757] cloud-init[1050]: ci-info: +-------+-------------+---------+-----------+-------+
[   21.500745] cloud-init[1050]: Generating public/private rsa key pair.
[   21.502181] cloud-init[1050]: Your identification has been saved in /etc/ssh/ssh_host_rsa_key.
[   21.503712] cloud-init[1050]: Your public key has been saved in /etc/ssh/ssh_host_rsa_key.pub.
[   21.505225] cloud-init[1050]: The key fingerprint is:
[   21.506145] cloud-init[1050]: SHA256:K9pIWYxXASrZcTR2vIe/06nnwSxXs5t88X32UayHV+I root@ubuntu-bionic
[   21.507878] cloud-init[1050]: The key's randomart image is:
[   21.509161] cloud-init[1050]: +---[RSA 2048]----+
[   21.510048] cloud-init[1050]: |    ..*oo        |
[   21.510822] cloud-init[1050]: |   o = o..       |
[   21.511592] cloud-init[1050]: |  o o   .o       |
[   21.512519] cloud-init[1050]: |   . o .o .    . |
[   21.513362] cloud-init[1050]: |    . + So    + +|
[   21.514187] cloud-init[1050]: |     +   ..o o Bo|
[   21.514928] cloud-init[1050]: |    o . . .o=.E.*|
[   21.515754] cloud-init[1050]: |   . + .  oo+o =B|
[   21.516660] cloud-init[1050]: |    o .   .=. +o+|
[   21.532162] cloud-init[1050]: +----[SHA256]-----+
[   21.533061] cloud-init[1050]: Generating public/private dsa key pair.
[   21.534243] cloud-init[1050]: Your identification has been saved in /etc/ssh/ssh_host_dsa_key.
[   21.535800] cloud-init[1050]: Your public key has been saved in /etc/ssh/ssh_host_dsa_key.pub.
[   21.537357] cloud-init[1050]: The key fingerprint is:
[   21.548322] cloud-init[1050]: SHA256:1f0M0nivbN1HHIvUMs3br6C5zjiHr0fKm6TDshzH7f0 root@ubuntu-bionic
[   21.549684] cloud-init[1050]: The key's randomart image is:
[   21.550726] cloud-init[1050]: +---[DSA 1024]----+
[   21.565042] cloud-init[1050]: |                 |
[[0;32m  OK  [0m] Started Initial cloud-init job (metadata service crawler).
[   21.566190] cloud-init[1050]: |           . ++  |
[[0;32m  OK  [0m] Reached target System Initialization.
[   21.568105] cloud-init[1050]: |          . ++== |
[[0;32m  OK  [0m] Started Ubuntu Advantage Timer for running repeated jobs.
[   21.569591] cloud-init[1050]: |         .  .o+*=|
[[0;32m  OK  [0m] Started Daily apt download activities.
[   21.571307] cloud-init[1050]: |        S    . oB|
[[0;32m  OK  [0m] Listening on ACPID Listen Socket.
[   21.572737] cloud-init[1050]: |     . .  .  . +o|
[[0;32m  OK  [0m] Started Discard unused blocks once a week.
[   21.573667] cloud-init[1050]: |    ..o.o+  . + =|
[[0;32m  OK  [0m] Started Daily Cleanup of Temporary Directories.
[   21.585290] cloud-init[1050]: |   ..oo+==oo o ..|
[[0;32m  OK  [0m] Started Message of the Day.
[   21.586993] cloud-init[1050]: |    oo..*OOoE .  |
[[0;32m  OK  [0m] Listening on Open-iSCSI iscsid Socket.
[   21.588343] cloud-init[1050]: +----[SHA256]-----+
[[0;32m  OK  [0m] [   21.588869] Listening on D-Bus System Message Bus Socket.cloud-init[1050]: 
Generating public/private ecdsa key pair.
[   21.592158] cloud-init[1050]: Your identification has been saved in /etc/ssh/ssh_host_ecdsa_key.
[   21.593857] cloud-init[1050]: Your public key has been saved in /etc/ssh/ssh_host_ecdsa_key.pub.
         Starting LXD - unix socket.
[   21.595036] cloud-init[1050]: The key fingerprint is:
[[0;32m  OK  [0m] Listening on cloud-init hotplug hook socket.
[   21.596735] cloud-init[1050]: SHA256:aqNW195Ntt1xqr/fT5bBpERGVvjBWBb6mZZ3j9ENSnw root@ubuntu-bionic
         Starting Socket activation for snappy daemon.
[   21.598996] cloud-init[1050]: The key's randomart image is:
[[0;32m  OK  [0m] [   21.599453] cloud-initListening on UUID daemon activation socket.[1050]: 
+---[ECDSA 256]---+
[   21.602275] cloud-init[1050]: |            .=*=.|
[[   21.605680] cloud-init[1050]: |           .+ooo |
[   21.605848] cloud-init[1050]: |            ooE..|
[   21.606374] cloud-init[1050]: |           ..o=+=|
[   21.606858] cloud-init[1050]: |        S.  ...O=|
[   21.607205] cloud-init[1050]: |      ... .   ++B|
[   21.607910] cloud-init[1050]: |     .+. . . +.=B|
[   21.608639] cloud-init[1050]: |    .o .  . . +o+|
[   21.609681] cloud-init[1050]: |   ..       .ooo=|
[   21.610310] cloud-init[1050]: +----[SHA256]-----+
[   21.610772] cloud-init[1050]: Generating public/private ed25519 key pair.
[   21.611361] cloud-init[1050]: Your identification has been saved in /etc/ssh/ssh_host_ed25519_key.
[   21.611815] cloud-init[1050]: Your public key has been saved in /etc/ssh/ssh_host_ed25519_key.pub.
[   21.612903] cloud-init[1050]: The key fingerprint is:
[   21.613446] cloud-init[1050]: SHA256:gnkqHnF0yxFAoDg8tCT0vCFhThUCqAqG0Az577Rd0aY root@ubuntu-bionic
[   21.614076] cloud-init[1050]: The key's randomart image is:
[   21.614741] cloud-init[1050]: +--[ED25519 256]--+
[   21.615115] cloud-init[1050]: |B&o=+..          |
[   21.615436] cloud-init[1050]: |&.O    .         |
[   21.616049] cloud-init[1050]: |BB +. o  .       |
[   21.616364] cloud-init[1050]: |+o+.o= o. o      |
[   21.617005] cloud-init[1050]: |+ .o+ = S+       |
[   21.617588] cloud-init[1050]: |.  ooo .E        |
[   21.618204] cloud-init[1050]: |  oo.o .         |
[   21.618491] cloud-init[1050]: | . oo .          |
[   21.619232] cloud-init[1050]: |  .              |
[   21.619747] cloud-init[1050]: +----[SHA256]-----+
[0;32m  OK  [0m] Started Daily apt upgrade and clean activities.
[[0;32m  OK  [0m] Reached target Timers.
[[0;32m  OK  [0m] Started ACPI Events Check.
[[0;32m  OK  [0m] Reached target Paths.
[[0;32m  OK  [0m] Reached target Cloud-config availability.
[[0;32m  OK  [0m] Reached target Network is Online.
[[0;32m  OK  [0m] Reached target Remote File Systems (Pre).
[[0;32m  OK  [0m] Reached target Remote File Systems.
         Starting Availability of block devices...
[[0;32m  OK  [0m] Listening on LXD - unix socket.
[[0;32m  OK  [0m] Listening on Socket activation for snappy daemon.
[[0;32m  OK  [0m] Reached target Sockets.
[[0;32m  OK  [0m] Reached target Basic System.
         Starting Pollinate to seed the pseudo random number generator...
[[0;32m  OK  [0m] Started FUSE filesystem for LXC.
         Starting Virtualbox guest utils...
         Starting LSB: automatic crash report generation...
         Starting System Logging Service...
[[0;32m  OK  [0m] Started Deferred execution scheduler.
         Starting Permit User Sessions...
         Starting Login Service...
         Starting LSB: Record successful boot for GRUB...
[[0;32m  OK  [0m] Started D-Bus System Message Bus.
         Starting LXD - container startup/shutdown...
         Starting Accounts Service...
         Starting Dispatcher daemon for systemd-networkd...
[[0;32m  OK  [0m] Started Regular background program processing daemon.
[[0;32m  OK  [0m] Started irqbalance daemon.
         Starting Snap Daemon...
[[0;32m  OK  [0m] Started System Logging Service.
[[0;32m  OK  [0m] Started Availability of block devices.
[[0;32m  OK  [0m] Started Permit User Sessions.
[[0;32m  OK  [0m] Started LXD - container startup/shutdown.
[[0;32m  OK  [0m] Started Login Service.
[[0;32m  OK  [0m] Started LSB: automatic crash report generation.
         Starting Authorization Manager...
[[0;32m  OK  [0m] Started Unattended Upgrades Shutdown.
         Starting Terminate Plymouth Boot Screen...
         Starting Hold until boot process finishes up...
[[0;32m  OK  [0m] Started Hold until boot process finishes up.
         Starting Set console scheme...
[[0;32m  OK  [0m] Started Serial Getty on ttyS0.
[[0;32m  OK  [0m] Started Terminate Plymouth Boot Screen.
[[0;32m  OK  [0m] Started Set console scheme.
[[0;32m  OK  [0m] Created slice system-getty.slice.
[[0;32m  OK  [0m] Started Getty on tty1.
[[0;32m  OK  [0m] Reached target Login Prompts.
[[0;32m  OK  [0m] Started Dispatcher daemon for systemd-networkd.
[[0;32m  OK  [0m] Started LSB: Record successful boot for GRUB.
[[0;32m  OK  [0m] Started Virtualbox guest utils.
[[0;32m  OK  [0m] Started Authorization Manager.
[[0;32m  OK  [0m] Started Accounts Service.
[[0;32m  OK  [0m] Started Snap Daemon.
         Starting Wait until snapd is fully seeded...
         Starting Time & Date Service...
[[0;32m  OK  [0m] Started Time & Date Service.
[[0;32m  OK  [0m] Started Pollinate to seed the pseudo random number generator.
         Starting OpenBSD Secure Shell server...
[[0;32m  OK  [0m] Started OpenBSD Secure Shell server.
[[0;32m  OK  [0m] Created slice User Slice of vagrant.
         Starting User Manager for UID 1000...
[[0;32m  OK  [0m] Started Session 1 of user vagrant.
[[0;32m  OK  [0m] Started User Manager for UID 1000.

Ubuntu 18.04.6 LTS ubuntu-bionic ttyS0

ubuntu-bionic login: [   29.480774] cloud-init[1877]: Cloud-init v. 22.2-0ubuntu1~18.04.3 running 'modules:config' at Tue, 13 Sep 2022 14:46:31 +0000. Up 29.08 seconds.
ci-info: no authorized SSH keys fingerprints found for user ubuntu.
<14>Sep 13 14:46:32 cloud-init: #############################################################
<14>Sep 13 14:46:32 cloud-init: -----BEGIN SSH HOST KEY FINGERPRINTS-----
<14>Sep 13 14:46:32 cloud-init: 1024 SHA256:1f0M0nivbN1HHIvUMs3br6C5zjiHr0fKm6TDshzH7f0 root@ubuntu-bionic (DSA)
<14>Sep 13 14:46:32 cloud-init: 256 SHA256:aqNW195Ntt1xqr/fT5bBpERGVvjBWBb6mZZ3j9ENSnw root@ubuntu-bionic (ECDSA)
<14>Sep 13 14:46:32 cloud-init: 256 SHA256:gnkqHnF0yxFAoDg8tCT0vCFhThUCqAqG0Az577Rd0aY root@ubuntu-bionic (ED25519)
<14>Sep 13 14:46:32 cloud-init: 2048 SHA256:K9pIWYxXASrZcTR2vIe/06nnwSxXs5t88X32UayHV+I root@ubuntu-bionic (RSA)
<14>Sep 13 14:46:32 cloud-init: -----END SSH HOST KEY FINGERPRINTS-----
<14>Sep 13 14:46:32 cloud-init: #############################################################
-----BEGIN SSH HOST KEY KEYS-----
ecdsa-sha2-nistp256 AAAAE2VjZHNhLXNoYTItbmlzdHAyNTYAAAAIbmlzdHAyNTYAAABBBDWcA5dGAwFGaE/dKx5JcrG6k1/OxAmPOGJ3n486uOeWRvMuSQ7Ra8eOKSEwpHHYuaeyRl6GbZl067MVhZrI/HA= root@ubuntu-bionic
ssh-ed25519 AAAAC3NzaC1lZDI1NTE5AAAAIFcrN0m6ovf3lrn2RlH5w0JnLxuysAIeG0RmXYPHzOOU root@ubuntu-bionic
ssh-rsa AAAAB3NzaC1yc2EAAAADAQABAAABAQDDRetYFSDfzpq6Czvcu3/TQSLRgGd3VSgttVLi2rx74ZX6gxMBQYDt5jaY+TAStiU6CHsFhIOTvma7biPY4k4nX1FeQel+5zOCgIyGrhbBM8UjP7mXennAKxupUsuuhVQu0jp1QZSk9mnAX9Lnm9vuNc6Gr5Q8OJasSXZxpwkGqI6v47qumBs5f6pMItD4SOzDUQKx4dWgeMluo6nMpXCuW00AqHBcw/DYw3/2b5OBrjABbMirJTL+48iusN2iowHils8wtrlPgIoUnrNqYL6jMwC+ySwoZEjTIkNGrS6P0aVdbSLh4xQFfNzrZXb8OGxPdWPbOdK+vM9ERYhHgWAb root@ubuntu-bionic
-----END SSH HOST KEY KEYS-----
[   30.251036] cloud-init[1972]: Cloud-init v. 22.2-0ubuntu1~18.04.3 running 'modules:final' at Tue, 13 Sep 2022 14:46:32 +0000. Up 30.02 seconds.
[   30.251141] cloud-init[1972]: Cloud-init v. 22.2-0ubuntu1~18.04.3 finished at Tue, 13 Sep 2022 14:46:32 +0000. Datasource DataSourceNoCloud [seed=/dev/sdb][dsmode=net].  Up 30.23 seconds
